Loaded 67 trusted domains.

==================================================
 STARTING TEST CASES
==================================================

[Test 1] Scanning: https://www.jordan.gov.jo/wps/portal/Home
{
  "risk": "SAFE",
  "confidence": "HIGH",
  "reasons": [
    "Exact match in Authoritative Trust Registry"
  ]
}

[Test 2] Scanning: https://bankofjordan.com/en
{
  "risk": "SAFE",
  "confidence": "HIGH",
  "reasons": [
    "Exact match in Authoritative Trust Registry"
  ]
}

[Test 3] Scanning: http://cbj.gov.jo
{
  "risk": "WARNING",
  "confidence": "LOW",
  "reasons": [
    "Domain not found in ATR, but no malicious signals detected"
  ]
}

[Test 4] Scanning: http://bank-of-jordan.com/login
{
  "risk": "DANGEROUS",
  "confidence": "HIGH",
  "reasons": [
    "Suspicious keyword 'login' found in URL",
    "Domain highly similar to bankofjordan.com (Score: 88.9%)"
  ]
}

[Test 5] Scanning: https://paypa1.com/secure/payment
{
  "risk": "WARNING",
  "confidence": "MEDIUM",
  "reasons": [
    "Suspicious keyword 'payment' found in URL",
    "Suspicious keyword 'secure' found in URL"
  ]
}

[Test 6] Scanning: http://jordanbank-secure.com/update-account
{
  "risk": "WARNING",
  "confidence": "MEDIUM",
  "reasons": [
    "Suspicious keyword 'update' found in URL",
    "Suspicious keyword 'account' found in URL"
  ]
}

[Test 7] Scanning: http://cbj.gov-jo.com/otp
{
  "risk": "WARNING",
  "confidence": "LOW",
  "reasons": [
    "Suspicious keyword 'otp' found in URL"
  ]
}

[Test 8] Scanning: https://example.com/about-us
{
  "risk": "WARNING",
  "confidence": "LOW",
  "reasons": [
    "Domain not found in ATR, but no malicious signals detected"
  ]
}

[Test 9] Scanning: http://192.168.1.1/login
{
  "risk": "DANGEROUS",
  "confidence": "HIGH",
  "reasons": [
    "High number of digits in domain (8)",
    "Suspicious keyword 'login' found in URL",
    "Domain is a raw IP address"
  ]
}

[Test 10] Scanning: https://bit.ly/3xyz789
{
  "risk": "WARNING",
  "confidence": "MEDIUM",
  "reasons": [
    "URL Shortener detected (bit.ly)"
  ]
}

[Test 11] Scanning: http://very-long-domain-name-with-many-hyphens-1234.xyz/verify
{
  "risk": "DANGEROUS",
  "confidence": "HIGH",
  "reasons": [
    "Domain length is unusually long (>30 chars)",
    "Excessive hyphens in domain (7)",
    "Untrusted TLD used (.xyz)"
  ]
}
